<?xml version="1.0" encoding="utf-8"?>
<TestRun id="71163d5b-9df9-41ea-94d1-f59f43411e24" name="mkaya@MKAYAGUV-PC 2019-07-22 15:15:26" runUser="ARKAS\mkaya" xmlns="http://microsoft.com/schemas/VisualStudio/TeamTest/2010">
  <Times creation="2019-07-22T15:15:26.7068564+03:00" queuing="2019-07-22T15:15:26.7068564+03:00" start="2019-07-22T15:15:25.8617820+03:00" finish="2019-07-22T15:15:26.7154050+03:00" />
  <TestSettings name="default" id="264304be-28c0-4e66-bb8d-40428cde1a68">
    <Deployment runDeploymentRoot="mkaya_MKAYAGUV-PC_2019-07-22_15_15_26" />
  </TestSettings>
  <Results>
    <UnitTestResult executionId="dc717740-2a2d-49b9-a4b0-782267eecc13" testId="aa57c8e0-7178-5b16-4481-c36fb5bdfd27" testName="FizzBuzzArrayTest" computerName="MKAYAGUV-PC" duration="00:00:00.0086809" startTime="2019-07-22T15:15:26.5098982+03:00" endTime="2019-07-22T15:15:26.5483168+03:00" testType="13cdc9d9-ddb5-4fa4-a97d-d965ccfc6d4b" outcome="Passed" testListId="8c84fa94-04c1-424b-9868-57a2d4851a1d" relativeResultsDirectory="dc717740-2a2d-49b9-a4b0-782267eecc13">
      <Output>
        <StdOut>1&#xD;
2&#xD;
Fizz&#xD;
4&#xD;
Buzz&#xD;
Fizz&#xD;
7&#xD;
8&#xD;
Fizz&#xD;
Buzz&#xD;
11&#xD;
Fizz&#xD;
13&#xD;
14&#xD;
FizzBuzz&#xD;
16&#xD;
17&#xD;
Fizz&#xD;
19&#xD;
Buzz&#xD;
Fizz&#xD;
22&#xD;
23&#xD;
Fizz&#xD;
Buzz&#xD;
26&#xD;
Fizz&#xD;
28&#xD;
29&#xD;
FizzBuzz&#xD;
31&#xD;
32&#xD;
Fizz&#xD;
34&#xD;
Buzz&#xD;
Fizz&#xD;
37&#xD;
38&#xD;
Fizz&#xD;
Buzz&#xD;
41&#xD;
Fizz&#xD;
43&#xD;
44&#xD;
FizzBuzz&#xD;
46&#xD;
47&#xD;
Fizz&#xD;
49&#xD;
Buzz&#xD;
Fizz&#xD;
52&#xD;
53&#xD;
Fizz&#xD;
Buzz&#xD;
56&#xD;
Fizz&#xD;
58&#xD;
59&#xD;
FizzBuzz&#xD;
61&#xD;
62&#xD;
Fizz&#xD;
64&#xD;
Buzz&#xD;
Fizz&#xD;
67&#xD;
68&#xD;
Fizz&#xD;
Buzz&#xD;
71&#xD;
Fizz&#xD;
73&#xD;
74&#xD;
FizzBuzz&#xD;
76&#xD;
77&#xD;
Fizz&#xD;
79&#xD;
Buzz&#xD;
Fizz&#xD;
82&#xD;
83&#xD;
Fizz&#xD;
Buzz&#xD;
86&#xD;
Fizz&#xD;
88&#xD;
89&#xD;
FizzBuzz&#xD;
91&#xD;
92&#xD;
Fizz&#xD;
94&#xD;
Buzz&#xD;
Fizz&#xD;
97&#xD;
98&#xD;
Fizz&#xD;
Buzz</StdOut>
      </Output>
    </UnitTestResult>
  </Results>
  <TestDefinitions>
    <UnitTest name="FizzBuzzArrayTest" storage="d:\workshop\codekata\hackerrank\fizzbuzzsolution\fizzbuzzservices.tests\bin\debug\netcoreapp2.1\fizzbuzzservices.tests.dll" id="aa57c8e0-7178-5b16-4481-c36fb5bdfd27">
      <Execution id="dc717740-2a2d-49b9-a4b0-782267eecc13" />
      <TestMethod codeBase="D:\WORKSHOP\CodeKata\HackerRank\FizzBuzzSolution\FizzBuzzServices.Tests\bin\Debug\netcoreapp2.1\FizzBuzzServices.Tests.dll" adapterTypeName="executor://mstestadapter/v2" className="FizzBuzzServices.Tests.FizzBuzzServiceTest" name="FizzBuzzArrayTest" />
    </UnitTest>
  </TestDefinitions>
  <TestEntries>
    <TestEntry testId="aa57c8e0-7178-5b16-4481-c36fb5bdfd27" executionId="dc717740-2a2d-49b9-a4b0-782267eecc13" testListId="8c84fa94-04c1-424b-9868-57a2d4851a1d" />
  </TestEntries>
  <TestLists>
    <TestList name="Results Not in a List" id="8c84fa94-04c1-424b-9868-57a2d4851a1d" />
    <TestList name="All Loaded Results" id="19431567-8539-422a-85d7-44ee4e166bda" />
  </TestLists>
  <ResultSummary outcome="Completed">
    <Counters total="1" executed="1" passed="1" failed="0" error="0" timeout="0" aborted="0" inconclusive="0" passedButRunAborted="0" notRunnable="0" notExecuted="0" disconnected="0" warning="0" completed="0" inProgress="0" pending="0" />
  </ResultSummary>
</TestRun>